[GoForward 100, TurnRight 90, GoForward 20, TurnRight 90, GoForward 100, TurnLeft 90, GoBackward 50]