[GoForward 30.5, TurnRight 140.2, GoBackward 200.6]