[Repeat 5 [ Repeat 3 [ GoForward 10 ], TurnRight 90 ]]