[GoForward 100, PenUp, GoForward 100, PenDown, GoForward 100]